// Jest Snapshot v1, https://goo.gl/fbAQLP

exports[`useEntityDeleteErrorHandlerDialog test CustomButtons: forceDeleteCallbac should be called 1`] = `
<div>
  <div
    class="Layout--horizontal Layout--layout-spacing-small StyledProps--main StyledProps--flex StyledProps--flex-justifyContent-space-between"
    style="width: 100%;"
  >
    <div
      class="StyledProps--font StyledProps--main"
    >
      <button
        aria-label="common.referenceButtonText"
        class="bp3-button Button--button StyledProps--font StyledProps--main StyledProps--margin-right-small Button--with-current-color Button--variation Button--variation-primary"
        type="button"
      >
        <span
          class="bp3-button-text"
        >
          common.referenceButtonText
        </span>
      </button>
      <button
        aria-label="cancel"
        class="bp3-button Button--button StyledProps--font StyledProps--main Button--with-current-color Button--variation Button--variation-tertiary"
        type="button"
      >
        <span
          class="bp3-button-text"
        >
          cancel
        </span>
      </button>
    </div>
    <button
      aria-label="delete"
      class="bp3-button Button--button StyledProps--font StyledProps--main StyledProps--intent-danger Button--with-current-color Button--variation Button--variation-secondary"
      type="button"
    >
      <span
        class="bp3-button-text"
      >
        delete
      </span>
    </button>
  </div>
</div>
`;

exports[`useEntityDeleteErrorHandlerDialog test should render error with forcedDeleteSupport 1`] = `
<div>
  <div
    class="Layout--vertical StyledProps--main"
  >
    <p
      class="StyledProps--font StyledProps--main StyledProps--margin-bottom-medium"
    >
      common.referenceTextWarning
    </p>
    <label
      class="bp3-control bp3-checkbox StyledProps--font Checkbox--checkbox StyledProps--main"
    >
      <input
        name="forcedDelete-connector"
        type="checkbox"
      />
      <span
        class="bp3-control-indicator"
      />
      common.forcedDeleteLabel
    </label>
  </div>
</div>
`;
