// Jest Snapshot v1, https://goo.gl/fbAQLP

exports[`CODERouteDestinations Tests CODERouteDestinations should render correct routes 1`] = `
<div>
  /account/:accountId/module/code/orgs/:orgIdentifier/projects/:projectIdentifier
  /account/:accountId/module/code/orgs/:orgIdentifier
  /account/:accountId/module/code
  /
  /account/:accountId/module/code/orgs/:orgIdentifier/projects/:projectIdentifier/repos/:repoName/pulls/compare/:diffRefs*
  /
  <div>
    code/Compare
  </div>
  /account/:accountId/module/code/orgs/:orgIdentifier/projects/:projectIdentifier/repos/:repoName/pulls/:pullRequestId/:pullRequestSection/:commitSHA
  /account/:accountId/module/code/orgs/:orgIdentifier/projects/:projectIdentifier/repos/:repoName/pulls/:pullRequestId/:pullRequestSection
  /account/:accountId/module/code/orgs/:orgIdentifier/projects/:projectIdentifier/repos/:repoName/pulls/:pullRequestId
  /
  <div>
    code/PullRequest
  </div>
  /account/:accountId/module/code/orgs/:orgIdentifier/projects/:projectIdentifier/repos/:repoName/pulls
  /
  <div>
    code/PullRequests
  </div>
  /account/:accountId/module/code/orgs/:orgIdentifier/projects/:projectIdentifier/repos/:repoName/webhooks/new
  /
  <div>
    code/WebhookNew
  </div>
  /account/:accountId/module/code/orgs/:orgIdentifier/projects/:projectIdentifier/repos/:repoName/search
  /
  <div>
    code/Search
  </div>
  /account/:accountId/module/code/orgs/:orgIdentifier/projects/:projectIdentifier/repos/:repoName/webhooks/:webhookId
  /
  <div>
    code/WebhookDetails
  </div>
  /account/:accountId/module/code/orgs/:orgIdentifier/projects/:projectIdentifier/repos/:repoName/webhooks
  /
  <div>
    code/Webhooks
  </div>
  /account/:accountId/module/code/orgs/:orgIdentifier/projects/:projectIdentifier/repos/:repoName/settings
  /account/:accountId/module/code/orgs/:orgIdentifier/projects/:projectIdentifier/repos/:repoName/settings/:settingSection/:ruleId/:settingSectionMode
  /account/:accountId/module/code/orgs/:orgIdentifier/projects/:projectIdentifier/repos/:repoName/settings/:settingSection/:settingSectionMode
  /account/:accountId/module/code/orgs/:orgIdentifier/projects/:projectIdentifier/repos/:repoName/settings/:settingSection
  /
  <div>
    code/Settings
  </div>
  /account/:accountId/module/code/orgs/:orgIdentifier/projects/:projectIdentifier/repos
  /
  <div>
    code/Repositories
  </div>
  /account/:accountId/module/code/orgs/:orgIdentifier/projects/:projectIdentifier/repos/:repoName/commits/:commitRef*
  /
  <div>
    code/Commits
  </div>
  /account/:accountId/module/code/orgs/:orgIdentifier/projects/:projectIdentifier/repos/:repoName/commit/:commitRef*
  /
  <div>
    code/Commit
  </div>
  /account/:accountId/module/code/orgs/:orgIdentifier/projects/:projectIdentifier/repos/:repoName/branches
  /
  <div>
    code/Branches
  </div>
  /account/:accountId/module/code/orgs/:orgIdentifier/projects/:projectIdentifier/repos/:repoName/tags
  /
  <div>
    code/Tags
  </div>
  /account/:accountId/module/code/orgs/:orgIdentifier/projects/:projectIdentifier/repos/:repoName/edit/:gitRef*/~/:resourcePath*
  /
  <div>
    code/FileEdit
  </div>
  /account/:accountId/module/code/orgs/:orgIdentifier/projects/:projectIdentifier/repos/:repoName/files/:gitRef*/~/:resourcePath*
  /account/:accountId/module/code/orgs/:orgIdentifier/projects/:projectIdentifier/repos/:repoName/files/:gitRef*
  /account/:accountId/module/code/orgs/:orgIdentifier/projects/:projectIdentifier/repos/:repoName
  /
  <div>
    code/Repository
  </div>
</div>
`;
