// Jest Snapshot v1, https://goo.gl/fbAQLP

exports[`RouteDefinitions routes should render links correctly 1`] = `
<div>
  <pre>
    /account/test-accountId/code
    /account/test-accountId/code/home
    /account//code/harness/default
    /account/harness/code/default/test/repo1/files/main/~/src/components/Test.tsx
    /account/harness/code/default/test/repo1/files/main
    /account/harness/code/default/test/repo1/~/src/components/Test.tsx
    /account/harness/code/default/test/repo1/edit/main/~/src/components/Test.tsx
    /account/harness/code/default/test/repo1/edit/main/~/
    /account/harness/code/default/test/repo1/commits/main
    /account/harness/code/default/test/repo1/commits
    /account/harness/code/default/test/repo1/branches
    /account/harness/code/default/test/repo1/pulls
    /account/harness/code/default/test/repo1/pulls/1001
    /account/harness/code/default/test/repo1/pulls/1001/commits
    /account/harness/code/default/test/repo1/pulls/1001/diffs
    /account/harness/code/default/test/repo1/pulls/compare/main...develop
    /account/harness/code/default/test/repo1/settings
    /account/harness/code/default/test/repo1/webhooks
    /account/harness/code/default/test/repo1/webhooks/new
    /account/harness/code/default/test/repo1/webhooks/1234
    /account/harness/code/default/test/search
    /account/harness/code/default/test/repo1/search
  </pre>
</div>
`;
