// Jest Snapshot v1, https://goo.gl/fbAQLP

exports[`Test CollapsableList Should render CollapsableList: only record render is given, disable collapse 1`] = `
<div>
  <div
    class="referenceList"
  >
    <div
      class="Collapse--main collapseWrapper"
    >
      <div
        class="StyledProps--font StyledProps--main CollapseHeader--main Collapse--header collapseHeader hideCollapseIcon"
      >
        <div
          class="StyledProps--font StyledProps--main CollapseHeader--leftSection"
        >
          <span
            class="bp3-icon StyledProps--main StyledProps--color StyledProps--color-grey400"
            data-icon="main-chevron-right"
          >
            <svg
              height="12"
              viewBox="0 0 8 14"
              width="12"
              xmlns="http://www.w3.org/2000/svg"
            >
              <path
                d="M7.7 6.3l-6-6C1.5.1 1.3 0 1 0 .4 0 0 .4 0 1c0 .3.1.5.3.7L5.6 7 .3 12.3c-.2.2-.3.4-.3.7 0 .6.4 1 1 1 .3 0 .5-.1.7-.3l6-6c.2-.2.3-.4.3-.7s-.1-.5-.3-.7z"
                fill="#4d5969"
              />
            </svg>
          </span>
          <div
            class="collapeHeaderContent"
          >
            <span>
              Rendering item name 
              mocksecretname
            </span>
            <span>
              Rendering scope 
              account
            </span>
            <span>
              Rendering selected 
            </span>
          </div>
        </div>
        <div
          class="StyledProps--font StyledProps--main"
        />
      </div>
      <div
        class="Collapse--collapse"
      >
        <div
          class="bp3-collapse"
        >
          <div
            aria-hidden="false"
            class="bp3-collapse-body"
            style="transform: translateY(-undefinedpx);"
          />
        </div>
      </div>
    </div>
  </div>
</div>
`;
