// Jest Snapshot v1, https://goo.gl/fbAQLP

exports[`IDP Sidenav render 1`] = `
<div>
  <div
    class="Layout--vertical Layout--layout-spacing-small StyledProps--main"
  >
    <a
      class="link"
      href="/account/accountId/idp-admin/get-started"
    >
      <p
        class="StyledProps--font StyledProps--main text"
        style=""
      >
        getStarted
      </p>
    </a>
  </div>
</div>
`;
