// Jest Snapshot v1, https://goo.gl/fbAQLP

exports[`IDP Sidenav render 1`] = `
<div>
  <div
    class="Layout--vertical Layout--layout-spacing-small StyledProps--main"
  >
    <a
      class="link backBtn"
      href="/account/accountId/idp"
    >
      <p
        class="StyledProps--font StyledProps--main text"
        style="display: flex; align-items: center;"
      >
        <span
          class="bp3-icon StyledProps--main Text--icon StyledProps--padding-right-xsmall"
          data-icon="main-chevron-left"
        >
          <svg
            height="16"
            viewBox="0 0 8 14"
            width="16"
            xmlns="http://www.w3.org/2000/svg"
          >
            <path
              d="M2.4 7l5.3-5.3c.2-.2.3-.4.3-.7 0-.6-.4-1-1-1-.3 0-.5.1-.7.3l-6 6c-.2.2-.3.4-.3.7s.1.5.3.7l6 6c.2.2.4.3.7.3.6 0 1-.4 1-1 0-.3-.1-.5-.3-.7z"
              fill="#4d5969"
            />
          </svg>
        </span>
        back
      </p>
    </a>
    <a
      class="link"
      href="/account/accountId/idp-admin/plugins"
    >
      <p
        class="StyledProps--font StyledProps--main text"
      >
        common.plugins
      </p>
    </a>
    <a
      class="link"
      href="/account/accountId/idp-admin/configurations"
    >
      <p
        class="StyledProps--font StyledProps--main text"
      >
        common.configurations
      </p>
    </a>
    <a
      class="link"
      href="/account/accountId/idp-admin/oauth"
    >
      <p
        class="StyledProps--font StyledProps--main text"
      >
        idp.oAuthConfig
      </p>
    </a>
    <a
      class="link"
      href="/account/accountId/idp-admin/scorecards"
    >
      <p
        class="StyledProps--font StyledProps--main text"
      >
        idp.scorecards
      </p>
    </a>
    <a
      class="link"
      href="/account/accountId/idp-admin/layout"
    >
      <p
        class="StyledProps--font StyledProps--main text"
      >
        idp.layout
      </p>
    </a>
    <a
      class="link"
      href="/account/accountId/idp-admin/access-control"
    >
      <p
        class="StyledProps--font StyledProps--main text"
      >
        accessControl
      </p>
    </a>
    <a
      class="link"
      href="/account/accountId/idp-admin/connectors"
    >
      <p
        class="StyledProps--font StyledProps--main text"
      >
        connectorsLabel
      </p>
    </a>
    <a
      class="link"
      href="/account/accountId/idp-admin/allowlist-url"
    >
      <p
        class="StyledProps--font StyledProps--main text"
      >
        idp.urlAllowList
      </p>
    </a>
  </div>
</div>
`;
