// Jest Snapshot v1, https://goo.gl/fbAQLP

exports[`Validate HealthSourceInputsetForm should render HealthSourceInputsetForm 1`] = `
<div>
  <div
    class="OverlaySpinner--overlaySpinner"
  >
    <div
      class="bp3-card bp3-elevation-0 Card--card healthSourceInputSet"
    >
      <p
        class="StyledProps--font StyledProps--main StyledProps--font-normal StyledProps--color StyledProps--color-black"
      >
        cv.healthSource.nameLabel
        : 
        AppD default metrics runtime connector
      </p>
      <div
        class="bp3-form-group"
      >
        <label
          class="bp3-label"
        >
          <span
            class="Tooltip--acenter"
            data-tooltip-id="selectHealthSourceConnector"
          >
            <p
              class="StyledProps--font StyledProps--main StyledProps--color StyledProps--color-black StyledProps--font-small StyledProps--margin-bottom-small"
            >
              connectors.selectConnector
            </p>
          </span>
           
          <span
            class="bp3-text-muted"
          />
        </label>
        <div
          class="bp3-form-content"
        >
          <button
            class="bp3-button bp3-minimal Button--button StyledProps--font StyledProps--main container Button--iconOnly Button--without-shadow Button--withRightIcon"
            data-testid="cr-field-sources.healthSources.0.spec.connectorRef"
            style="width: 400px;"
            type="button"
          >
            <span
              class="bp3-button-text"
            >
              <div
                class="Layout--horizontal Layout--layout-spacing-small StyledProps--main selectWrapper StyledProps--flex StyledProps--flex-distribution-space-between"
              >
                <p
                  class="StyledProps--font StyledProps--main label StyledProps--color StyledProps--color-grey800"
                />
                <div
                  class="rightStatus"
                >
                  <span
                    class="bp3-icon bp3-icon-full-circle StyledProps--main status redStatus"
                    data-testid="crf-status"
                    icon="full-circle"
                  >
                    <svg
                      data-icon="full-circle"
                      height="6"
                      viewBox="0 0 16 16"
                      width="6"
                    >
                      <desc>
                        full-circle
                      </desc>
                      <path
                        d="M8 0a8 8 0 100 16A8 8 0 108 0z"
                        fill-rule="evenodd"
                      />
                    </svg>
                  </span>
                  <span
                    class="Tag--main"
                  >
                    <span
                      class="bp3-tag bp3-minimal"
                      id="tag"
                    >
                      <span
                        class="bp3-text-overflow-ellipsis bp3-fill"
                      >
                        project
                      </span>
                    </span>
                  </span>
                </div>
              </div>
            </span>
            <span
              class="bp3-icon bp3-icon-chevron-down StyledProps--main"
              icon="chevron-down"
            >
              <svg
                data-icon="chevron-down"
                height="14"
                viewBox="0 0 16 16"
                width="14"
              >
                <desc>
                  chevron-down
                </desc>
                <path
                  d="M12 5c-.28 0-.53.11-.71.29L8 8.59l-3.29-3.3a1.003 1.003 0 00-1.42 1.42l4 4c.18.18.43.29.71.29s.53-.11.71-.29l4-4A1.003 1.003 0 0012 5z"
                  fill-rule="evenodd"
                />
              </svg>
            </span>
          </button>
        </div>
      </div>
      <div
        class="bp3-form-group"
      >
        <label
          class="bp3-label"
          for="sources.healthSources.0.spec.tierName"
        >
          <span
            class="Tooltip--acenter"
            data-tooltip-id="wrapperComponent_sources.healthSources.0.spec.tierName"
          >
            cv.monitoringSources.appD.tierName
          </span>
           
          <span
            class="bp3-text-muted"
          />
        </label>
        <div
          class="bp3-form-content"
        >
          <div
            class="Layout--horizontal StyledProps--main MultiTypeInput--main MultiTypeInput--disabled"
          >
            <div
              class="TextInput--main MultiTypeInput--input"
            >
              <div
                class="bp3-input-group bp3-disabled"
              >
                <input
                  class="bp3-input"
                  disabled=""
                  name="sources.healthSources.0.spec.tierName"
                  placeholder="<+input>"
                  type="text"
                  value="<+input>"
                />
              </div>
            </div>
            <span
              class="bp3-popover-wrapper MultiTypeInput--wrapper"
            >
              <span
                class="bp3-popover-target"
              >
                <button
                  class="MultiTypeInput--btn MultiTypeInput--RUNTIME"
                  data-testid="multi-type-button"
                >
                  <span
                    class="bp3-icon StyledProps--main"
                    data-icon="runtime-input"
                  >
                    <svg
                      height="12"
                      viewBox="0 0 10 7.97"
                      width="12"
                      xmlns="http://www.w3.org/2000/svg"
                    >
                      <path
                        d="M8.14 4L8 3.72a2.53 2.53 0 01-.12-.3l-.16-.35c-.11-.25-.22-.38-.32-.38s-.28.15-.37.44C7 3.1 7 3.07 7 3a.73.73 0 01.24-.46.66.66 0 01.42-.26c.25 0 .5.35.76 1.05l.07.17.07-.12c.47-.73.86-1.1 1.18-1.1a.71.71 0 01.29.07l-.4.42h-.11c-.24 0-.52.28-.86.83l-.09.16.07.2c.29.79.53 1.18.71 1.18s.31-.12.4-.36q.09.06.09.12t-.27.39a.74.74 0 01-.45.23c-.25 0-.51-.36-.77-1.07l-.12-.25-.1.17c-.44.76-.87 1.14-1.28 1.14a.65.65 0 01-.39-.12L6.84 5a.32.32 0 00.23.1c.25 0 .53-.25.83-.74l.17-.28zm-4-.32L1.7.59h2.47S5 .52 5.35 1a3.28 3.28 0 01.42 1.14h.31L5.94 0H0v.31l3.06 3.74L0 7.62V8h6.08l.38-2.36-.31-.07a2.43 2.43 0 01-.52 1c-.42.48-2 .41-2 .41H1.39z"
                        fill="current-color"
                      />
                    </svg>
                  </span>
                </button>
              </span>
            </span>
          </div>
        </div>
      </div>
      <div
        class="bp3-form-group"
      >
        <label
          class="bp3-label"
          for="sources.healthSources.0.spec.applicationName"
        >
          <span
            class="Tooltip--acenter"
            data-tooltip-id="wrapperComponent_sources.healthSources.0.spec.applicationName"
          >
            pipeline.applicationName
          </span>
           
          <span
            class="bp3-text-muted"
          />
        </label>
        <div
          class="bp3-form-content"
        >
          <div
            class="Layout--horizontal StyledProps--main MultiTypeInput--main MultiTypeInput--disabled"
          >
            <div
              class="TextInput--main MultiTypeInput--input"
            >
              <div
                class="bp3-input-group bp3-disabled"
              >
                <input
                  class="bp3-input"
                  disabled=""
                  name="sources.healthSources.0.spec.applicationName"
                  placeholder="<+input>"
                  type="text"
                  value="<+input>"
                />
              </div>
            </div>
            <span
              class="bp3-popover-wrapper MultiTypeInput--wrapper"
            >
              <span
                class="bp3-popover-target"
              >
                <button
                  class="MultiTypeInput--btn MultiTypeInput--RUNTIME"
                  data-testid="multi-type-button"
                >
                  <span
                    class="bp3-icon StyledProps--main"
                    data-icon="runtime-input"
                  >
                    <svg
                      height="12"
                      viewBox="0 0 10 7.97"
                      width="12"
                      xmlns="http://www.w3.org/2000/svg"
                    >
                      <path
                        d="M8.14 4L8 3.72a2.53 2.53 0 01-.12-.3l-.16-.35c-.11-.25-.22-.38-.32-.38s-.28.15-.37.44C7 3.1 7 3.07 7 3a.73.73 0 01.24-.46.66.66 0 01.42-.26c.25 0 .5.35.76 1.05l.07.17.07-.12c.47-.73.86-1.1 1.18-1.1a.71.71 0 01.29.07l-.4.42h-.11c-.24 0-.52.28-.86.83l-.09.16.07.2c.29.79.53 1.18.71 1.18s.31-.12.4-.36q.09.06.09.12t-.27.39a.74.74 0 01-.45.23c-.25 0-.51-.36-.77-1.07l-.12-.25-.1.17c-.44.76-.87 1.14-1.28 1.14a.65.65 0 01-.39-.12L6.84 5a.32.32 0 00.23.1c.25 0 .53-.25.83-.74l.17-.28zm-4-.32L1.7.59h2.47S5 .52 5.35 1a3.28 3.28 0 01.42 1.14h.31L5.94 0H0v.31l3.06 3.74L0 7.62V8h6.08l.38-2.36-.31-.07a2.43 2.43 0 01-.52 1c-.42.48-2 .41-2 .41H1.39z"
                        fill="current-color"
                      />
                    </svg>
                  </span>
                </button>
              </span>
            </span>
          </div>
        </div>
      </div>
    </div>
    <div
      class="bp3-card bp3-elevation-0 Card--card healthSourceInputSet"
    >
      <p
        class="StyledProps--font StyledProps--main StyledProps--font-normal StyledProps--color StyledProps--color-black"
      >
        cv.healthSource.nameLabel
        : 
        Appd with custom and runtime connector
      </p>
      <div
        class="bp3-form-group"
      >
        <label
          class="bp3-label"
        >
          <span
            class="Tooltip--acenter"
            data-tooltip-id="selectHealthSourceConnector"
          >
            <p
              class="StyledProps--font StyledProps--main StyledProps--color StyledProps--color-black StyledProps--font-small StyledProps--margin-bottom-small"
            >
              connectors.selectConnector
            </p>
          </span>
           
          <span
            class="bp3-text-muted"
          />
        </label>
        <div
          class="bp3-form-content"
        >
          <button
            class="bp3-button bp3-minimal Button--button StyledProps--font StyledProps--main container Button--iconOnly Button--without-shadow Button--withRightIcon"
            data-testid="cr-field-sources.healthSources.1.spec.connectorRef"
            style="width: 400px;"
            type="button"
          >
            <span
              class="bp3-button-text"
            >
              <div
                class="Layout--horizontal Layout--layout-spacing-small StyledProps--main selectWrapper StyledProps--flex StyledProps--flex-distribution-space-between"
              >
                <p
                  class="StyledProps--font StyledProps--main label StyledProps--color StyledProps--color-grey800"
                />
                <div
                  class="rightStatus"
                >
                  <span
                    class="bp3-icon bp3-icon-full-circle StyledProps--main status redStatus"
                    data-testid="crf-status"
                    icon="full-circle"
                  >
                    <svg
                      data-icon="full-circle"
                      height="6"
                      viewBox="0 0 16 16"
                      width="6"
                    >
                      <desc>
                        full-circle
                      </desc>
                      <path
                        d="M8 0a8 8 0 100 16A8 8 0 108 0z"
                        fill-rule="evenodd"
                      />
                    </svg>
                  </span>
                  <span
                    class="Tag--main"
                  >
                    <span
                      class="bp3-tag bp3-minimal"
                      id="tag"
                    >
                      <span
                        class="bp3-text-overflow-ellipsis bp3-fill"
                      >
                        project
                      </span>
                    </span>
                  </span>
                </div>
              </div>
            </span>
            <span
              class="bp3-icon bp3-icon-chevron-down StyledProps--main"
              icon="chevron-down"
            >
              <svg
                data-icon="chevron-down"
                height="14"
                viewBox="0 0 16 16"
                width="14"
              >
                <desc>
                  chevron-down
                </desc>
                <path
                  d="M12 5c-.28 0-.53.11-.71.29L8 8.59l-3.29-3.3a1.003 1.003 0 00-1.42 1.42l4 4c.18.18.43.29.71.29s.53-.11.71-.29l4-4A1.003 1.003 0 0012 5z"
                  fill-rule="evenodd"
                />
              </svg>
            </span>
          </button>
        </div>
      </div>
      <div
        class="bp3-form-group"
      >
        <label
          class="bp3-label"
          for="sources.healthSources.1.spec.tierName"
        >
          <span
            class="Tooltip--acenter"
            data-tooltip-id="wrapperComponent_sources.healthSources.1.spec.tierName"
          >
            cv.monitoringSources.appD.tierName
          </span>
           
          <span
            class="bp3-text-muted"
          />
        </label>
        <div
          class="bp3-form-content"
        >
          <div
            class="Layout--horizontal StyledProps--main MultiTypeInput--main MultiTypeInput--disabled"
          >
            <div
              class="TextInput--main MultiTypeInput--input"
            >
              <div
                class="bp3-input-group bp3-disabled"
              >
                <input
                  class="bp3-input"
                  disabled=""
                  name="sources.healthSources.1.spec.tierName"
                  placeholder="<+input>"
                  type="text"
                  value="<+input>"
                />
              </div>
            </div>
            <span
              class="bp3-popover-wrapper MultiTypeInput--wrapper"
            >
              <span
                class="bp3-popover-target"
              >
                <button
                  class="MultiTypeInput--btn MultiTypeInput--RUNTIME"
                  data-testid="multi-type-button"
                >
                  <span
                    class="bp3-icon StyledProps--main"
                    data-icon="runtime-input"
                  >
                    <svg
                      height="12"
                      viewBox="0 0 10 7.97"
                      width="12"
                      xmlns="http://www.w3.org/2000/svg"
                    >
                      <path
                        d="M8.14 4L8 3.72a2.53 2.53 0 01-.12-.3l-.16-.35c-.11-.25-.22-.38-.32-.38s-.28.15-.37.44C7 3.1 7 3.07 7 3a.73.73 0 01.24-.46.66.66 0 01.42-.26c.25 0 .5.35.76 1.05l.07.17.07-.12c.47-.73.86-1.1 1.18-1.1a.71.71 0 01.29.07l-.4.42h-.11c-.24 0-.52.28-.86.83l-.09.16.07.2c.29.79.53 1.18.71 1.18s.31-.12.4-.36q.09.06.09.12t-.27.39a.74.74 0 01-.45.23c-.25 0-.51-.36-.77-1.07l-.12-.25-.1.17c-.44.76-.87 1.14-1.28 1.14a.65.65 0 01-.39-.12L6.84 5a.32.32 0 00.23.1c.25 0 .53-.25.83-.74l.17-.28zm-4-.32L1.7.59h2.47S5 .52 5.35 1a3.28 3.28 0 01.42 1.14h.31L5.94 0H0v.31l3.06 3.74L0 7.62V8h6.08l.38-2.36-.31-.07a2.43 2.43 0 01-.52 1c-.42.48-2 .41-2 .41H1.39z"
                        fill="current-color"
                      />
                    </svg>
                  </span>
                </button>
              </span>
            </span>
          </div>
        </div>
      </div>
      <div
        class="bp3-form-group"
      >
        <label
          class="bp3-label"
          for="sources.healthSources.1.spec.applicationName"
        >
          <span
            class="Tooltip--acenter"
            data-tooltip-id="wrapperComponent_sources.healthSources.1.spec.applicationName"
          >
            pipeline.applicationName
          </span>
           
          <span
            class="bp3-text-muted"
          />
        </label>
        <div
          class="bp3-form-content"
        >
          <div
            class="Layout--horizontal StyledProps--main MultiTypeInput--main MultiTypeInput--disabled"
          >
            <div
              class="TextInput--main MultiTypeInput--input"
            >
              <div
                class="bp3-input-group bp3-disabled"
              >
                <input
                  class="bp3-input"
                  disabled=""
                  name="sources.healthSources.1.spec.applicationName"
                  placeholder="<+input>"
                  type="text"
                  value="<+input>"
                />
              </div>
            </div>
            <span
              class="bp3-popover-wrapper MultiTypeInput--wrapper"
            >
              <span
                class="bp3-popover-target"
              >
                <button
                  class="MultiTypeInput--btn MultiTypeInput--RUNTIME"
                  data-testid="multi-type-button"
                >
                  <span
                    class="bp3-icon StyledProps--main"
                    data-icon="runtime-input"
                  >
                    <svg
                      height="12"
                      viewBox="0 0 10 7.97"
                      width="12"
                      xmlns="http://www.w3.org/2000/svg"
                    >
                      <path
                        d="M8.14 4L8 3.72a2.53 2.53 0 01-.12-.3l-.16-.35c-.11-.25-.22-.38-.32-.38s-.28.15-.37.44C7 3.1 7 3.07 7 3a.73.73 0 01.24-.46.66.66 0 01.42-.26c.25 0 .5.35.76 1.05l.07.17.07-.12c.47-.73.86-1.1 1.18-1.1a.71.71 0 01.29.07l-.4.42h-.11c-.24 0-.52.28-.86.83l-.09.16.07.2c.29.79.53 1.18.71 1.18s.31-.12.4-.36q.09.06.09.12t-.27.39a.74.74 0 01-.45.23c-.25 0-.51-.36-.77-1.07l-.12-.25-.1.17c-.44.76-.87 1.14-1.28 1.14a.65.65 0 01-.39-.12L6.84 5a.32.32 0 00.23.1c.25 0 .53-.25.83-.74l.17-.28zm-4-.32L1.7.59h2.47S5 .52 5.35 1a3.28 3.28 0 01.42 1.14h.31L5.94 0H0v.31l3.06 3.74L0 7.62V8h6.08l.38-2.36-.31-.07a2.43 2.43 0 01-.52 1c-.42.48-2 .41-2 .41H1.39z"
                        fill="current-color"
                      />
                    </svg>
                  </span>
                </button>
              </span>
            </span>
          </div>
        </div>
      </div>
      <div>
        <p
          class="StyledProps--font StyledProps--main StyledProps--font-normal StyledProps--color StyledProps--color-black"
        >
          cv.monitoringSources.metricLabel
          : 
          appdMetric 101
        </p>
        <div
          class="bp3-form-group"
        >
          <label
            class="bp3-label"
            for="sources.healthSources.1.spec.metricDefinitions.0.completeMetricPath"
          >
            <span
              class="Tooltip--acenter"
              data-tooltip-id="wrapperComponent_sources.healthSources.1.spec.metricDefinitions.0.completeMetricPath"
            >
              cv.monitoringSources.appD.completeMetricPath
            </span>
             
            <span
              class="bp3-text-muted"
            />
          </label>
          <div
            class="bp3-form-content"
          >
            <div
              class="Layout--horizontal StyledProps--main MultiTypeInput--main MultiTypeInput--disabled"
            >
              <div
                class="TextInput--main MultiTypeInput--input"
              >
                <div
                  class="bp3-input-group bp3-disabled"
                >
                  <input
                    class="bp3-input"
                    disabled=""
                    name="sources.healthSources.1.spec.metricDefinitions.0.completeMetricPath"
                    placeholder="<+input>"
                    type="text"
                    value="<+input>"
                  />
                </div>
              </div>
              <span
                class="bp3-popover-wrapper MultiTypeInput--wrapper"
              >
                <span
                  class="bp3-popover-target"
                >
                  <button
                    class="MultiTypeInput--btn MultiTypeInput--RUNTIME"
                    data-testid="multi-type-button"
                  >
                    <span
                      class="bp3-icon StyledProps--main"
                      data-icon="runtime-input"
                    >
                      <svg
                        height="12"
                        viewBox="0 0 10 7.97"
                        width="12"
                        xmlns="http://www.w3.org/2000/svg"
                      >
                        <path
                          d="M8.14 4L8 3.72a2.53 2.53 0 01-.12-.3l-.16-.35c-.11-.25-.22-.38-.32-.38s-.28.15-.37.44C7 3.1 7 3.07 7 3a.73.73 0 01.24-.46.66.66 0 01.42-.26c.25 0 .5.35.76 1.05l.07.17.07-.12c.47-.73.86-1.1 1.18-1.1a.71.71 0 01.29.07l-.4.42h-.11c-.24 0-.52.28-.86.83l-.09.16.07.2c.29.79.53 1.18.71 1.18s.31-.12.4-.36q.09.06.09.12t-.27.39a.74.74 0 01-.45.23c-.25 0-.51-.36-.77-1.07l-.12-.25-.1.17c-.44.76-.87 1.14-1.28 1.14a.65.65 0 01-.39-.12L6.84 5a.32.32 0 00.23.1c.25 0 .53-.25.83-.74l.17-.28zm-4-.32L1.7.59h2.47S5 .52 5.35 1a3.28 3.28 0 01.42 1.14h.31L5.94 0H0v.31l3.06 3.74L0 7.62V8h6.08l.38-2.36-.31-.07a2.43 2.43 0 01-.52 1c-.42.48-2 .41-2 .41H1.39z"
                          fill="current-color"
                        />
                      </svg>
                    </span>
                  </button>
                </span>
              </span>
            </div>
          </div>
        </div>
        <div
          class="bp3-form-group"
        >
          <label
            class="bp3-label"
            for="sources.healthSources.1.spec.metricDefinitions.0.analysis.deploymentVerification.serviceInstanceMetricPath"
          >
            <span
              class="Tooltip--acenter"
              data-tooltip-id="wrapperComponent_sources.healthSources.1.spec.metricDefinitions.0.analysis.deploymentVerification.serviceInstanceMetricPath"
            >
              cv.monitoringSources.appD.serviceInstanceMetricPath
            </span>
             
            <span
              class="bp3-text-muted"
            />
          </label>
          <div
            class="bp3-form-content"
          >
            <div
              class="Layout--horizontal StyledProps--main MultiTypeInput--main MultiTypeInput--disabled"
            >
              <div
                class="TextInput--main MultiTypeInput--input"
              >
                <div
                  class="bp3-input-group bp3-disabled"
                >
                  <input
                    class="bp3-input"
                    disabled=""
                    name="sources.healthSources.1.spec.metricDefinitions.0.analysis.deploymentVerification.serviceInstanceMetricPath"
                    placeholder="<+input>"
                    type="text"
                    value="<+input>"
                  />
                </div>
              </div>
              <span
                class="bp3-popover-wrapper MultiTypeInput--wrapper"
              >
                <span
                  class="bp3-popover-target"
                >
                  <button
                    class="MultiTypeInput--btn MultiTypeInput--RUNTIME"
                    data-testid="multi-type-button"
                  >
                    <span
                      class="bp3-icon StyledProps--main"
                      data-icon="runtime-input"
                    >
                      <svg
                        height="12"
                        viewBox="0 0 10 7.97"
                        width="12"
                        xmlns="http://www.w3.org/2000/svg"
                      >
                        <path
                          d="M8.14 4L8 3.72a2.53 2.53 0 01-.12-.3l-.16-.35c-.11-.25-.22-.38-.32-.38s-.28.15-.37.44C7 3.1 7 3.07 7 3a.73.73 0 01.24-.46.66.66 0 01.42-.26c.25 0 .5.35.76 1.05l.07.17.07-.12c.47-.73.86-1.1 1.18-1.1a.71.71 0 01.29.07l-.4.42h-.11c-.24 0-.52.28-.86.83l-.09.16.07.2c.29.79.53 1.18.71 1.18s.31-.12.4-.36q.09.06.09.12t-.27.39a.74.74 0 01-.45.23c-.25 0-.51-.36-.77-1.07l-.12-.25-.1.17c-.44.76-.87 1.14-1.28 1.14a.65.65 0 01-.39-.12L6.84 5a.32.32 0 00.23.1c.25 0 .53-.25.83-.74l.17-.28zm-4-.32L1.7.59h2.47S5 .52 5.35 1a3.28 3.28 0 01.42 1.14h.31L5.94 0H0v.31l3.06 3.74L0 7.62V8h6.08l.38-2.36-.31-.07a2.43 2.43 0 01-.52 1c-.42.48-2 .41-2 .41H1.39z"
                          fill="current-color"
                        />
                      </svg>
                    </span>
                  </button>
                </span>
              </span>
            </div>
          </div>
        </div>
      </div>
    </div>
  </div>
</div>
`;

exports[`Validate HealthSourceInputsetForm should render HealthSourceInputsetForm with no data 1`] = `
<div>
  <div
    class="bp3-card bp3-elevation-0 Card--card healthSourceInputSet"
  >
    <p
      class="StyledProps--font StyledProps--main StyledProps--font-normal StyledProps--color StyledProps--color-black"
    >
      cv.healthSource.nameLabel
      : 
    </p>
  </div>
</div>
`;

exports[`Validate HealthSourceInputsetForm should render HealthSourceInputsetForm with no data 2`] = `<div />`;
