// Jest Snapshot v1, https://goo.gl/fbAQLP

exports[`Node Status Indicator Test Should render diagramnodes 1`] = `
<div>
  <div
    class="Layout--horizontal StyledProps--main stepCountWrapper"
  >
    <div
      class="stepCount"
      data-status="success"
    >
      <span
        class="bp3-icon StyledProps--main"
        data-icon="success-tick"
      >
        <svg
          fill="none"
          height="14"
          viewBox="0 0 32 32"
          width="14"
          xmlns="http://www.w3.org/2000/svg"
        >
          <path
            clip-rule="evenodd"
            d="M16 28.995c-7.18 0-13-5.82-13-13s5.82-13 13-13 13 5.82 13 13-5.82 13-13 13zm7.261-16.118a1 1 0 10-1.327-1.496l-6.82 6.049-3.242-3.206a1 1 0 10-1.406 1.422l3.909 3.864.665.659.701-.622 7.52-6.67z"
            fill="#42AB45"
            fill-rule="evenodd"
          />
          <path
            clip-rule="evenodd"
            d="M15.004 21.538l8.92-7.913a2 2 0 10-2.653-2.992l.663.748a1 1 0 111.327 1.496l-8.22 7.292-4.575-4.523a1 1 0 111.406-1.422l3.243 3.206 6.82-6.05-.664-.747-6.12 5.427-2.576-2.548a2 2 0 00-2.813 2.845l5.242 5.181zM16 27.995c-6.627 0-12-5.373-12-12 0-6.628 5.373-12 12-12 6.628 0 12 5.372 12 12 0 6.627-5.372 12-12 12zm-13-12c0 7.18 5.82 13 13 13s13-5.82 13-13-5.82-13-13-13-13 5.82-13 13z"
            fill="#42AB45"
            fill-rule="evenodd"
          />
        </svg>
      </span>
      1
    </div>
    <div
      class="stepCount"
      data-status="running"
    >
      <span
        class="bp3-icon StyledProps--main"
        data-icon="loading"
      >
        <svg
          height="14"
          viewBox="0 0 10 8"
          width="14"
          xmlns="http://www.w3.org/2000/svg"
        >
          <circle
            fill="currentColor"
            r="1"
            transform="translate(2 4)"
          >
            <animatetransform
              additive="sum"
              attributeName="transform"
              begin="0s"
              dur="1s"
              repeatCount="indefinite"
              type="scale"
              values="0; 1.25; 0"
            />
          </circle>
          <circle
            fill="currentColor"
            r="1"
            transform="translate(5 4)"
          >
            <animatetransform
              additive="sum"
              attributeName="transform"
              begin="0.2s"
              dur="1s"
              repeatCount="indefinite"
              type="scale"
              values="0; 1.25; 0"
            />
          </circle>
          <circle
            fill="currentColor"
            r="1"
            transform="translate(8 4)"
          >
            <animatetransform
              additive="sum"
              attributeName="transform"
              begin="0.4s"
              dur="1s"
              repeatCount="indefinite"
              type="scale"
              values="0; 1.25; 0"
            />
          </circle>
        </svg>
      </span>
      1
    </div>
    <div
      class="stepCount"
      data-status="failed"
    >
      <span
        class="bp3-icon bp3-icon-warning-sign StyledProps--main"
        data-status="failed"
        icon="warning-sign"
      >
        <svg
          data-icon="warning-sign"
          height="14"
          viewBox="0 0 16 16"
          width="14"
        >
          <desc>
            warning-sign
          </desc>
          <path
            d="M15.84 13.5l.01-.01-7-12-.01.01c-.17-.3-.48-.5-.85-.5s-.67.2-.85.5l-.01-.01-7 12 .01.01c-.09.15-.15.31-.15.5 0 .55.45 1 1 1h14c.55 0 1-.45 1-1 0-.19-.06-.35-.15-.5zm-6.85-.51h-2v-2h2v2zm0-3h-2v-5h2v5z"
            fill-rule="evenodd"
          />
        </svg>
      </span>
      1
    </div>
  </div>
</div>
`;
