// Jest Snapshot v1, https://goo.gl/fbAQLP

exports[`Secret Resource Modal Body test initializes ok  1`] = `
<div>
  <div
    class="StyledProps--font StyledProps--main"
  >
    <div
      class="TableV2--table"
    >
      <div
        class="TableV2--header"
        role="row"
      >
        <div
          class="TableV2--cell"
          colspan="1"
          role="columnheader"
          style="width: 5%;"
        >
          <p
            class="StyledProps--font StyledProps--main StyledProps--font-variation-table-headers"
          >
             
          </p>
        </div>
        <div
          class="TableV2--cell"
          colspan="1"
          role="columnheader"
          style="width: 30%;"
        >
          <p
            class="StyledProps--font StyledProps--main StyledProps--font-variation-table-headers"
          >
            variableLabel
          </p>
        </div>
        <div
          class="TableV2--cell"
          colspan="1"
          role="columnheader"
          style="width: 20%;"
        >
          <p
            class="StyledProps--font StyledProps--main StyledProps--font-variation-table-headers"
          >
            typeLabel
          </p>
        </div>
        <div
          class="TableV2--cell"
          colspan="1"
          role="columnheader"
          style="width: 20%;"
        >
          <p
            class="StyledProps--font StyledProps--main StyledProps--font-variation-table-headers"
          >
            platform.variables.inputValidation
          </p>
        </div>
        <div
          class="TableV2--cell"
          colspan="1"
          role="columnheader"
          style="width: 25%;"
        >
          <p
            class="StyledProps--font StyledProps--main StyledProps--font-variation-table-headers"
          >
            valueLabel
          </p>
        </div>
      </div>
      <div
        class="TableV2--body"
      >
        <div
          class="TableV2--row TableV2--card TableV2--clickable"
          role="row"
        >
          <div
            class="TableV2--cells"
          >
            <div
              class="TableV2--cell"
              role="cell"
              style="width: 5%;"
            >
              <label
                class="bp3-control bp3-checkbox StyledProps--font Checkbox--checkbox checkBox StyledProps--main"
              >
                <input
                  type="checkbox"
                />
                <span
                  class="bp3-control-indicator"
                />
              </label>
            </div>
            <div
              class="TableV2--cell"
              role="cell"
              style="width: 30%;"
            >
              <div
                class="Layout--horizontal StyledProps--main"
              >
                <div
                  class="Layout--vertical StyledProps--main"
                >
                  <div
                    class="Layout--horizontal StyledProps--main"
                    style="width: 230px;"
                  >
                    <p
                      class="StyledProps--font Text--lineclamp StyledProps--main StyledProps--color StyledProps--color-black"
                      style="--text-line-clamp: 1;"
                    >
                      CUSTOM_VARIABLE
                    </p>
                    
                  </div>
                  <p
                    class="StyledProps--font Text--lineclamp StyledProps--main StyledProps--color StyledProps--color-grey600 StyledProps--font-variation-small"
                    style="--text-line-clamp: 1; width: 230px;"
                  >
                    common.ID: CUSTOM_VARIABLE
                  </p>
                </div>
              </div>
            </div>
            <div
              class="TableV2--cell"
              role="cell"
              style="width: 20%;"
            >
              <p
                class="StyledProps--font StyledProps--main StyledProps--color StyledProps--color-black StyledProps--font-variation-body"
              >
                String
              </p>
            </div>
            <div
              class="TableV2--cell"
              role="cell"
              style="width: 20%;"
            >
              <p
                class="StyledProps--font StyledProps--main StyledProps--color StyledProps--color-black StyledProps--font-variation-body"
              >
                FIXED
              </p>
            </div>
            <div
              class="TableV2--cell"
              role="cell"
              style="width: 25%;"
            >
              <p
                class="StyledProps--font Text--lineclamp StyledProps--main StyledProps--color StyledProps--color-grey600 StyledProps--font-variation-form-input-text"
                style="--text-line-clamp: 1;"
              >
                CUSTOM
              </p>
            </div>
          </div>
        </div>
      </div>
    </div>
  </div>
</div>
`;
