// Jest Snapshot v1, https://goo.gl/fbAQLP

exports[`OnboardingDetailPage SelectEnvironmentView should render data correctly 1`] = `
<div>
  <div
    class="StyledProps--font StyledProps--main StyledProps--margin-top-large"
  >
    <div
      class="Layout--vertical Layout--layout-spacing-xsmall StyledProps--main"
    >
      <p
        class="StyledProps--font StyledProps--main selectEnvironment"
      >
        cf.onboarding.selectYourEnvironment
      </p>
      <div
        class="StyledProps--font StyledProps--main environmentContainer"
      >
        <div
          class="StyledProps--font StyledProps--main"
        >
          <div
            class="Layout--horizontal Layout--layout-spacing-small StyledProps--main"
          >
            <span
              class="bp3-icon StyledProps--main StyledProps--color StyledProps--color-blue500"
              data-icon="spinner"
            >
              <svg
                fill="none"
                height="16"
                viewBox="0 0 36 36"
                width="16"
                xmlns="http://www.w3.org/2000/svg"
              >
                <path
                  d="M18 2.084a15.915 15.915 0 010 31.831 15.915 15.915 0 010-31.83"
                  stroke="currentColor"
                  stroke-dasharray="75,100"
                  stroke-linecap="round"
                  stroke-width="2.8"
                  style="animation: 1s linear infinite spinner-rotation; transform-origin: 50% 50%; transform-box: fill-box;"
                />
              </svg>
            </span>
          </div>
        </div>
      </div>
    </div>
  </div>
</div>
`;

exports[`OnboardingDetailPage SelectEnvironmentView should render loading correctly 1`] = `
<div>
  <div
    class="StyledProps--font StyledProps--main StyledProps--margin-top-large"
  >
    <div
      class="Layout--vertical Layout--layout-spacing-xsmall StyledProps--main"
    >
      <p
        class="StyledProps--font StyledProps--main selectEnvironment"
      >
        cf.onboarding.selectYourEnvironment
      </p>
      <div
        class="StyledProps--font StyledProps--main environmentContainer"
      >
        <div
          class="StyledProps--font StyledProps--main"
        >
          <div
            class="Layout--horizontal Layout--layout-spacing-small StyledProps--main"
          >
            <span
              class="bp3-icon StyledProps--main StyledProps--color StyledProps--color-blue500"
              data-icon="spinner"
            >
              <svg
                fill="none"
                height="16"
                viewBox="0 0 36 36"
                width="16"
                xmlns="http://www.w3.org/2000/svg"
              >
                <path
                  d="M18 2.084a15.915 15.915 0 010 31.831 15.915 15.915 0 010-31.83"
                  stroke="currentColor"
                  stroke-dasharray="75,100"
                  stroke-linecap="round"
                  stroke-width="2.8"
                  style="animation: 1s linear infinite spinner-rotation; transform-origin: 50% 50%; transform-box: fill-box;"
                />
              </svg>
            </span>
          </div>
        </div>
      </div>
    </div>
  </div>
</div>
`;

exports[`OnboardingDetailPage SetUpYourApplicationView 1`] = `
<div>
  <div
    class="StyledProps--font StyledProps--main"
    style="height: 100%;"
  >
    <div
      class="StyledProps--font StyledProps--main container"
      style="width: calc(100% - 400px); height: calc(100vh - 140px);"
    >
      <div
        class="StyledProps--font StyledProps--main StyledProps--font-variation-body StyledProps--color StyledProps--color-grey600"
      >
        <div
          class="Layout--horizontal Layout--layout-spacing-xsmall StyledProps--main StyledProps--flex StyledProps--flex-justifyContent-flex-start StyledProps--flex-alignItems-center StyledProps--padding-top-small StyledProps--padding-bottom-small"
          data-testid="ffOnboardingSelectedFlag"
        >
          <span>
            cf.onboarding.youreUsing
          </span>
          <div
            class="StyledProps--font StyledProps--main StyledProps--font-variation-body StyledProps--color StyledProps--color-primary6"
          >
            test-flag
          </div>
          <span>
            common.with
          </span>
          <div
            class="StyledProps--font StyledProps--main identifierContainer"
          >
            <span
              class="StyledProps--font StyledProps--main StyledProps--inline StyledProps--font-variation-small StyledProps--margin-right-xsmall"
            >
              idLabel
            </span>
            <span
              class="StyledProps--font Text--lineclamp StyledProps--main StyledProps--inline StyledProps--font-variation-small"
              style="--text-line-clamp: 1;"
            >
              test_flag
            </span>
            <button
              class="copyButton"
              title="clickToCopy"
            >
              <span
                class="bp3-icon bp3-icon-duplicate StyledProps--main StyledProps--color StyledProps--color-grey350"
                icon="duplicate"
              >
                <svg
                  data-icon="duplicate"
                  height="12"
                  viewBox="0 0 16 16"
                  width="12"
                >
                  <desc>
                    duplicate
                  </desc>
                  <path
                    d="M15 0H5c-.55 0-1 .45-1 1v2h2V2h8v7h-1v2h2c.55 0 1-.45 1-1V1c0-.55-.45-1-1-1zm-4 4H1c-.55 0-1 .45-1 1v10c0 .55.45 1 1 1h10c.55 0 1-.45 1-1V5c0-.55-.45-1-1-1zm-1 10H2V6h8v8z"
                    fill-rule="evenodd"
                  />
                </svg>
              </span>
            </button>
          </div>
        </div>
      </div>
      <h2
        class="StyledProps--font StyledProps--font-h2 StyledProps--main setUpLabel"
        level="2"
      >
        cf.onboarding.setupLabel
      </h2>
      <div
        class="StyledProps--font StyledProps--main"
      >
        <div
          class="Layout--vertical Layout--layout-spacing-xsmall StyledProps--main"
        >
          <p
            class="StyledProps--font StyledProps--main selectLanguage"
          >
            cf.onboarding.selectLanguage
          </p>
          <div
            class="StyledProps--font StyledProps--main languageSelectionContainer"
          >
            <ul
              class="list"
            >
              <li
                class="item"
              >
                <div
                  class="Layout--vertical Layout--layout-spacing-small StyledProps--main"
                >
                  <button
                    aria-label=".NET"
                    class="button"
                    data-testid="selectLanguageBtn"
                  >
                    <img
                      alt=".NET"
                      height="35"
                      src="test-file-stub"
                      width="35"
                    />
                  </button>
                  <span
                    class="StyledProps--font StyledProps--main StyledProps--inline"
                    style="font-weight: 500; color: rgb(85, 87, 112); font-size: 12px; text-align: center;"
                  >
                    .NET
                  </span>
                </div>
              </li>
              <li
                class="item"
              >
                <div
                  class="Layout--vertical Layout--layout-spacing-small StyledProps--main"
                >
                  <button
                    aria-label="Android"
                    class="button selected"
                    data-testid="selectLanguageBtn"
                  >
                    <img
                      alt="Android"
                      height="35"
                      src="test-file-stub"
                      width="35"
                    />
                  </button>
                  <span
                    class="StyledProps--font StyledProps--main StyledProps--inline"
                    style="font-weight: 500; color: rgb(85, 87, 112); font-size: 12px; text-align: center;"
                  >
                    Android
                  </span>
                </div>
              </li>
              <li
                class="item"
              >
                <div
                  class="Layout--vertical Layout--layout-spacing-small StyledProps--main"
                >
                  <button
                    aria-label="Golang"
                    class="button"
                    data-testid="selectLanguageBtn"
                  >
                    <img
                      alt="Golang"
                      height="35"
                      src="test-file-stub"
                      width="35"
                    />
                  </button>
                  <span
                    class="StyledProps--font StyledProps--main StyledProps--inline"
                    style="font-weight: 500; color: rgb(85, 87, 112); font-size: 12px; text-align: center;"
                  >
                    Golang
                  </span>
                </div>
              </li>
              <li
                class="item"
              >
                <div
                  class="Layout--vertical Layout--layout-spacing-small StyledProps--main"
                >
                  <button
                    aria-label="iOS"
                    class="button"
                    data-testid="selectLanguageBtn"
                  >
                    <img
                      alt="iOS"
                      height="35"
                      src="test-file-stub"
                      width="35"
                    />
                  </button>
                  <span
                    class="StyledProps--font StyledProps--main StyledProps--inline"
                    style="font-weight: 500; color: rgb(85, 87, 112); font-size: 12px; text-align: center;"
                  >
                    iOS
                  </span>
                </div>
              </li>
              <li
                class="item"
              >
                <div
                  class="Layout--vertical Layout--layout-spacing-small StyledProps--main"
                >
                  <button
                    aria-label="Java"
                    class="button"
                    data-testid="selectLanguageBtn"
                  >
                    <img
                      alt="Java"
                      height="35"
                      src="test-file-stub"
                      width="35"
                    />
                  </button>
                  <span
                    class="StyledProps--font StyledProps--main StyledProps--inline"
                    style="font-weight: 500; color: rgb(85, 87, 112); font-size: 12px; text-align: center;"
                  >
                    Java
                  </span>
                </div>
              </li>
              <li
                class="item"
              >
                <div
                  class="Layout--vertical Layout--layout-spacing-small StyledProps--main"
                >
                  <button
                    aria-label="JavaScript"
                    class="button"
                    data-testid="selectLanguageBtn"
                  >
                    <img
                      alt="JavaScript"
                      height="35"
                      src="test-file-stub"
                      width="35"
                    />
                  </button>
                  <span
                    class="StyledProps--font StyledProps--main StyledProps--inline"
                    style="font-weight: 500; color: rgb(85, 87, 112); font-size: 12px; text-align: center;"
                  >
                    JavaScript
                  </span>
                </div>
              </li>
              <li
                class="item"
              >
                <div
                  class="Layout--vertical Layout--layout-spacing-small StyledProps--main"
                >
                  <button
                    aria-label="NodeJS"
                    class="button"
                    data-testid="selectLanguageBtn"
                  >
                    <img
                      alt="NodeJS"
                      height="35"
                      src="test-file-stub"
                      width="35"
                    />
                  </button>
                  <span
                    class="StyledProps--font StyledProps--main StyledProps--inline"
                    style="font-weight: 500; color: rgb(85, 87, 112); font-size: 12px; text-align: center;"
                  >
                    NodeJS
                  </span>
                </div>
              </li>
              <li
                class="item"
              >
                <div
                  class="Layout--vertical Layout--layout-spacing-small StyledProps--main"
                >
                  <button
                    aria-label="Python"
                    class="button"
                    data-testid="selectLanguageBtn"
                  >
                    <img
                      alt="Python"
                      height="35"
                      src="test-file-stub"
                      width="35"
                    />
                  </button>
                  <span
                    class="StyledProps--font StyledProps--main StyledProps--inline"
                    style="font-weight: 500; color: rgb(85, 87, 112); font-size: 12px; text-align: center;"
                  >
                    Python
                  </span>
                </div>
              </li>
            </ul>
          </div>
        </div>
      </div>
      <div
        class="StyledProps--font StyledProps--main StyledProps--margin-top-large"
      >
        <div
          class="Layout--vertical Layout--layout-spacing-xsmall StyledProps--main"
        >
          <p
            class="StyledProps--font StyledProps--main selectEnvironment"
          >
            cf.onboarding.selectYourEnvironment
          </p>
          <div
            class="StyledProps--font StyledProps--main environmentContainer"
          >
            <div
              class="StyledProps--font StyledProps--main"
            >
              <div
                class="Layout--horizontal Layout--layout-spacing-small StyledProps--main"
              >
                <span
                  class="bp3-icon StyledProps--main StyledProps--color StyledProps--color-blue500"
                  data-icon="spinner"
                >
                  <svg
                    fill="none"
                    height="16"
                    viewBox="0 0 36 36"
                    width="16"
                    xmlns="http://www.w3.org/2000/svg"
                  >
                    <path
                      d="M18 2.084a15.915 15.915 0 010 31.831 15.915 15.915 0 010-31.83"
                      stroke="currentColor"
                      stroke-dasharray="75,100"
                      stroke-linecap="round"
                      stroke-width="2.8"
                      style="animation: 1s linear infinite spinner-rotation; transform-origin: 50% 50%; transform-box: fill-box;"
                    />
                  </svg>
                </span>
              </div>
            </div>
          </div>
        </div>
      </div>
      <div
        class="StyledProps--font StyledProps--main StyledProps--margin-top-large"
      >
        <div
          class="Layout--vertical Layout--layout-spacing-xsmall StyledProps--main"
        >
          <p
            class="StyledProps--font StyledProps--main setUpYourCode"
          >
            cf.onboarding.setUpYourCode
          </p>
          <div
            class="StyledProps--font StyledProps--main setUpYourCodeContainer"
          >
            <div
              class="StyledProps--font StyledProps--main"
            >
              <p
                class="StyledProps--font StyledProps--main StyledProps--margin-top-xlarge StyledProps--margin-bottom-medium"
                style="color: rgb(51, 51, 51); line-height: 18px;"
              >
                <span>
                  cf.onboarding.readme.android
                </span>
              </p>
            </div>
          </div>
        </div>
      </div>
    </div>
    <div
      class="StyledProps--font StyledProps--main container"
      style="width: 400px;"
    >
      <div
        class="Layout--vertical Layout--layout-spacing-xxlarge StyledProps--main"
      >
        <h2
          class="StyledProps--font StyledProps--font-h2 StyledProps--main heading"
          level="2"
        >
          cf.onboarding.help.heading1
        </h2>
        <img
          height="101"
          src="test-file-stub"
          style="align-self: center;"
          width="248"
        />
        <p
          class="StyledProps--font StyledProps--main text"
        >
          cf.onboarding.help.text1
        </p>
        <h2
          class="StyledProps--font StyledProps--font-h2 StyledProps--main heading"
          level="2"
        >
          cf.onboarding.help.heading2
        </h2>
        <img
          class="img"
          height="134"
          src="test-file-stub"
          width="180"
        />
        <p
          class="StyledProps--font StyledProps--main text"
        >
          cf.onboarding.help.text2
        </p>
        <div
          class="StyledProps--font StyledProps--main"
        >
          <a
            class="bp3-button Button--button StyledProps--font StyledProps--main Button--with-current-color Button--link"
            href="https://docs.harness.io/article/rvqprvbq8f-client-side-and-server-side-sdks"
            rel="noreferrer noopener"
            role="button"
            tabindex="0"
            target="_blank"
          >
            <span
              class="bp3-button-text"
            >
              cf.onboarding.help.getStarted
            </span>
          </a>
        </div>
      </div>
    </div>
  </div>
</div>
`;
