// Jest Snapshot v1, https://goo.gl/fbAQLP

exports[`ExternalAPICallContent should render ExternalAPICallContent 1`] = `
<div>
  <div
    class="StyledProps--font StyledProps--main container"
  >
    <div
      class="Collapse--main collapse success"
    >
      <div
        class="StyledProps--font StyledProps--main CollapseHeader--main Collapse--header collapseHeader"
      >
        <div
          class="StyledProps--font StyledProps--main CollapseHeader--leftSection"
        >
          <span
            class="bp3-icon StyledProps--main StyledProps--color StyledProps--color-grey400"
            data-icon="main-chevron-right"
          >
            <svg
              height="10"
              viewBox="0 0 8 14"
              width="10"
              xmlns="http://www.w3.org/2000/svg"
            >
              <path
                d="M7.7 6.3l-6-6C1.5.1 1.3 0 1 0 .4 0 0 .4 0 1c0 .3.1.5.3.7L5.6 7 .3 12.3c-.2.2-.3.4-.3.7 0 .6.4 1 1 1 .3 0 .5-.1.7-.3l6-6c.2-.2.3-.4.3-.7s-.1-.5-.3-.7z"
                fill="#4d5969"
              />
            </svg>
          </span>
          <div
            class="Layout--horizontal Layout--layout-spacing-small StyledProps--main StyledProps--padding-left-small"
          >
            <p
              class="StyledProps--font StyledProps--main StyledProps--font-variation-body StyledProps--color StyledProps--color-grey400"
            >
              03/11/2022, 4:15 PM
            </p>
            <p
              class="StyledProps--font Text--lineclamp StyledProps--main StyledProps--font-variation-body StyledProps--color StyledProps--color-grey900"
              style="--text-line-clamp: 1;"
            >
              cv.fetchingDataFrom https://qva35651.live.dynatrace.com/api/v2/metrics/query
            </p>
          </div>
        </div>
        <div
          class="StyledProps--font StyledProps--main"
        />
      </div>
      <div
        class="Collapse--collapse"
      >
        <div
          class="bp3-collapse"
          style="height: 0px;"
        >
          <div
            aria-hidden="false"
            class="bp3-collapse-body"
            style="transform: translateY(0);"
          >
            <div
              class="StyledProps--font StyledProps--main collapseContent"
            >
              <div
                class="StyledProps--font StyledProps--main StyledProps--border StyledProps--border-bottom StyledProps--padding-top-medium StyledProps--padding-right-large StyledProps--padding-bottom-medium StyledProps--padding-left-large"
              >
                <h2
                  class="StyledProps--font StyledProps--font-h2 StyledProps--main StyledProps--font-variation-body2 StyledProps--color StyledProps--color-grey900"
                  level="2"
                >
                  common.request
                </h2>
                <div
                  class="Layout--horizontal Layout--layout-spacing-small StyledProps--main"
                >
                  <p
                    class="StyledProps--font StyledProps--main StyledProps--font-variation-body StyledProps--color StyledProps--color-grey400"
                  >
                    URL
                    :
                  </p>
                  <a
                    href="https://qva35651.live.dynatrace.com/api/v2/metrics/query?entitySelector=type"
                    rel="noreferrer"
                    target="_blank"
                  >
                    <p
                      class="StyledProps--font Text--lineclamp StyledProps--main StyledProps--font-variation-body StyledProps--color StyledProps--color-grey900"
                      style="--text-line-clamp: 1;"
                    >
                      https://qva35651.live.dynatrace.com/api/v2/metrics/query?entitySelector=type
                    </p>
                  </a>
                </div>
                <div
                  class="Layout--horizontal Layout--layout-spacing-small StyledProps--main"
                >
                  <p
                    class="StyledProps--font StyledProps--main StyledProps--font-variation-body StyledProps--color StyledProps--color-grey400"
                  >
                    Request Timestamp
                    :
                  </p>
                  <p
                    class="StyledProps--font Text--lineclamp StyledProps--main StyledProps--font-variation-body StyledProps--color StyledProps--color-grey900"
                    style="--text-line-clamp: 1;"
                  >
                    03/11/2022, 4:15 PM
                  </p>
                </div>
                <div
                  class="Layout--horizontal Layout--layout-spacing-small StyledProps--main"
                >
                  <p
                    class="StyledProps--font StyledProps--main StyledProps--font-variation-body StyledProps--color StyledProps--color-grey400"
                  >
                    Tags
                    :
                  </p>
                  <p
                    class="StyledProps--font Text--lineclamp StyledProps--main StyledProps--font-variation-body StyledProps--color StyledProps--color-grey900"
                    style="--text-line-clamp: 1;"
                  >
                    {"dataSourceType":"NEW_RELIC"}
                  </p>
                </div>
              </div>
              <div
                class="StyledProps--font StyledProps--main StyledProps--padding-top-medium StyledProps--padding-right-large StyledProps--padding-bottom-medium StyledProps--padding-left-large"
              >
                <h2
                  class="StyledProps--font StyledProps--font-h2 StyledProps--main StyledProps--font-variation-body2 StyledProps--color StyledProps--color-grey900"
                  level="2"
                >
                  cv.response
                </h2>
                <div
                  class="Layout--horizontal Layout--layout-spacing-small StyledProps--main"
                >
                  <p
                    class="StyledProps--font StyledProps--main StyledProps--font-variation-body StyledProps--color StyledProps--color-grey400"
                  >
                    Status Code
                    :
                  </p>
                  <p
                    class="StyledProps--font Text--lineclamp StyledProps--main StyledProps--font-variation-body StyledProps--color StyledProps--color-grey900"
                    style="--text-line-clamp: 1;"
                  >
                    200
                  </p>
                </div>
                <div
                  class="Layout--horizontal Layout--layout-spacing-small StyledProps--main"
                >
                  <p
                    class="StyledProps--font StyledProps--main StyledProps--font-variation-body StyledProps--color StyledProps--color-grey400"
                  >
                    Response Timestamp
                    :
                  </p>
                  <p
                    class="StyledProps--font Text--lineclamp StyledProps--main StyledProps--font-variation-body StyledProps--color StyledProps--color-grey900"
                    style="--text-line-clamp: 1;"
                  >
                    03/11/2022, 4:15 PM
                  </p>
                </div>
                <div
                  class="StyledProps--font StyledProps--main StyledProps--flex StyledProps--flex-alignItems-flex-start"
                >
                  <p
                    class="StyledProps--font StyledProps--main StyledProps--font-variation-body StyledProps--color StyledProps--color-grey400"
                  >
                    cv.responseBody
                    :
                  </p>
                  <div
                    class="main copy"
                  >
                    <div
                      class="text"
                    />
                  </div>
                </div>
                <div
                  class="StyledProps--font StyledProps--main responseBody StyledProps--padding-small StyledProps--background-white"
                >
                  <pre>
                    {
    "totalCount": 1,
    "nextPageKey": null,
    "resolution": "1m",
    "data": [
        {
            "dimensions": [
                "SERVICE_METHOD-F3988BEE84FF7388"
            ]
        }
    ]
}
                  </pre>
                </div>
              </div>
            </div>
          </div>
        </div>
      </div>
    </div>
  </div>
  <div
    class="StyledProps--font StyledProps--main StyledProps--border StyledProps--border-top StyledProps--padding-left-medium StyledProps--padding-right-medium"
  />
</div>
`;
