// Jest Snapshot v1, https://goo.gl/fbAQLP

exports[`Define Discovery Agent Creation Step should render loading view correctly 1`] = `
<div>
  <div
    class="Layout--horizontal StyledProps--main StyledProps--flex StyledProps--flex-justifyContent-space-between StyledProps--border StyledProps--border-bottom StyledProps--padding-large"
    style="width: 100%; height: 60px;"
  >
    <p
      class="StyledProps--font StyledProps--main StyledProps--font-variation-h3 StyledProps--font-weight-semi-bold"
    >
      discovery.createNewDiscoveryAgent
    </p>
    <div
      class="Layout--horizontal Layout--layout-spacing-medium StyledProps--main StyledProps--flex StyledProps--flex-justifyContent-flex-start"
    >
      <button
        aria-label="cancel"
        class="bp3-button Button--button StyledProps--font StyledProps--main Button--with-current-color Button--variation Button--variation-tertiary"
        type="button"
      >
        <span
          class="bp3-button-text"
        >
          cancel
        </span>
      </button>
      <button
        aria-label="discovery.createDiscoveryAgent"
        class="bp3-button Button--button StyledProps--font StyledProps--main StyledProps--intent-success Button--with-current-color Button--variation Button--variation-primary"
        type="submit"
      >
        <span
          class="bp3-button-text"
        >
          discovery.createDiscoveryAgent
        </span>
      </button>
    </div>
  </div>
  <div
    class="Layout--horizontal StyledProps--main"
    style="width: 100%; height: 100%;"
  >
    <div
      class="StyledProps--font StyledProps--main overviewContainer StyledProps--background-primaryBG StyledProps--border StyledProps--border-right"
    >
      <form
        action="#"
        class="FormikForm--main form"
      >
        <div>
          <div
            class="Layout--vertical StyledProps--main formContainer gap2 StyledProps--padding-xxlarge"
            style="width: 60%;"
          >
            <div
              class="Layout--horizontal Layout--layout-spacing-medium StyledProps--main body"
            >
              <div>
                <div
                  class="bulletIndex"
                >
                  1
                </div>
                <div
                  class="line"
                  data-testid="showLine"
                />
              </div>
              <div
                class="content"
              >
                <div
                  class="Layout--vertical StyledProps--main"
                  style="width: 900px;"
                >
                  <p
                    class="StyledProps--font StyledProps--main StyledProps--font-variation-h5 StyledProps--font-weight-semi-bold StyledProps--margin-bottom-large"
                  >
                    discovery.selectAConnector
                  </p>
                  <p
                    class="StyledProps--font StyledProps--main StyledProps--font-variation-body StyledProps--margin-top-medium StyledProps--margin-bottom-large"
                    style="width: 100%;"
                  >
                    discovery.selectAConnectorDescription
                  </p>
                  <div
                    class="StyledProps--font StyledProps--main boxContainer StyledProps--background-white StyledProps--padding-medium"
                  >
                    <div
                      class="bp3-form-group"
                      data-id="null-0"
                    >
                      <label
                        class="bp3-label"
                      >
                        <span
                          class="Tooltip--acenter"
                          data-tooltip-id="selectNetworkMapConnector"
                        >
                          <p
                            class="StyledProps--font StyledProps--main StyledProps--color StyledProps--color-black StyledProps--font-small StyledProps--margin-bottom-small"
                          >
                            connectors.selectConnector
                          </p>
                        </span>
                         
                        <span
                          class="bp3-text-muted"
                        />
                      </label>
                      <div
                        class="bp3-form-content"
                      >
                        <button
                          class="bp3-button bp3-minimal Button--button StyledProps--font StyledProps--main container Button--iconOnly Button--without-shadow Button--withRightIcon"
                          data-testid="cr-field-connectorRef"
                          style="width: 400px;"
                          type="button"
                        >
                          <span
                            class="bp3-button-text"
                          >
                            <span
                              class="placeholder"
                            >
                              connectors.selectConnector
                            </span>
                          </span>
                          <span
                            class="bp3-icon bp3-icon-chevron-down StyledProps--main"
                            icon="chevron-down"
                          >
                            <svg
                              data-icon="chevron-down"
                              height="14"
                              viewBox="0 0 16 16"
                              width="14"
                            >
                              <desc>
                                chevron-down
                              </desc>
                              <path
                                d="M12 5c-.28 0-.53.11-.71.29L8 8.59l-3.29-3.3a1.003 1.003 0 00-1.42 1.42l4 4c.18.18.43.29.71.29s.53-.11.71-.29l4-4A1.003 1.003 0 0012 5z"
                                fill-rule="evenodd"
                              />
                            </svg>
                          </span>
                        </button>
                      </div>
                    </div>
                    <div
                      data-testid="input"
                      style="width: 400px;"
                    >
                      <div
                        class="InputWithIdentifier--txtNameContainer TextInput--main"
                      >
                        <div
                          class="Layout--horizontal Layout--layout-spacing-xsmall StyledProps--main InputWithIdentifier--txtIdContainer"
                        >
                          <div
                            class="Text--withDocsTooltip"
                            data-tooltip-id="universalInputNameWithId"
                          >
                            <p
                              class="StyledProps--font StyledProps--main"
                            >
                              Id
                            </p>
                          </div>
                          <p
                            class="StyledProps--font StyledProps--main"
                          >
                            :
                          </p>
                          <span
                            class="bp3-popover-wrapper"
                          >
                            <span
                              class="bp3-popover-target"
                            >
                              <div
                                class="bp3-editable-text bp3-editable-text-placeholder InputWithIdentifier--idValue"
                                tabindex="0"
                              >
                                <span
                                  class="bp3-editable-text-content"
                                  style="height: 1px; line-height: 1px; min-width: 0;"
                                />
                              </div>
                            </span>
                          </span>
                          <span
                            class="bp3-icon StyledProps--main"
                            data-icon="Edit"
                            style="vertical-align: middle; cursor: pointer;"
                          >
                            <svg
                              height="12"
                              viewBox="0 0 16 16"
                              width="12"
                              xmlns="http://www.w3.org/2000/svg"
                            >
                              <path
                                clip-rule="evenodd"
                                d="M11.207.485a.5.5 0 01.354-.146 3.5 3.5 0 013.5 3.5.5.5 0 01-.146.353l-11 11a.5.5 0 01-.354.147h-3a.5.5 0 01-.5-.5v-3a.5.5 0 01.146-.354l11-11zm.553.862L1.061 12.046v2.293h2.293l10.7-10.7a2.5 2.5 0 00-2.294-2.292z"
                                fill="currentColor"
                                fill-rule="evenodd"
                              />
                              <path
                                clip-rule="evenodd"
                                d="M11.89 2.646a.5.5 0 010 .708L8.353 6.889a.5.5 0 01-.708-.707l3.536-3.536a.5.5 0 01.707 0z"
                                fill="currentColor"
                                fill-rule="evenodd"
                                opacity="0.3"
                              />
                            </svg>
                          </span>
                        </div>
                        <div
                          class="bp3-form-group"
                          data-id="discoveryAgentName-1"
                        >
                          <label
                            class="bp3-label"
                            for="discoveryAgentName"
                          >
                            discovery.dAgentName
                             
                            <span
                              class="bp3-text-muted"
                            />
                          </label>
                          <div
                            class="bp3-form-content"
                          >
                            <div
                              class="bp3-input-group"
                            >
                              <input
                                autocomplete="off"
                                class="bp3-input"
                                name="discoveryAgentName"
                                type="text"
                                value=""
                              />
                            </div>
                          </div>
                        </div>
                      </div>
                      <div
                        class="bp3-form-group"
                        data-id="discoveryNamespace-2"
                      >
                        <label
                          class="bp3-label"
                          for="discoveryNamespace"
                        >
                          common.namespace
                           
                          <span
                            class="bp3-text-muted"
                          />
                        </label>
                        <div
                          class="bp3-form-content"
                        >
                          <div
                            class="bp3-input-group"
                          >
                            <input
                              autocomplete="off"
                              class="bp3-input"
                              name="discoveryNamespace"
                              placeholder="discovery.discoveryNamespacePlaceholder"
                              type="text"
                              value=""
                            />
                          </div>
                        </div>
                      </div>
                    </div>
                  </div>
                </div>
              </div>
            </div>
            <div
              class="Layout--horizontal Layout--layout-spacing-medium StyledProps--main body StyledProps--margin-bottom-large"
            >
              <div>
                <div
                  class="bulletIndex"
                >
                  2
                </div>
              </div>
              <div
                class="content"
              >
                <div
                  class="Layout--vertical StyledProps--main margin2"
                  style="width: 900px;"
                >
                  <p
                    class="StyledProps--font StyledProps--main StyledProps--font-variation-h5 StyledProps--font-weight-semi-bold StyledProps--margin-bottom-large"
                  >
                    discovery.dataCollectionSettings common.optionalLabel
                  </p>
                  <p
                    class="StyledProps--font StyledProps--main StyledProps--font-variation-body StyledProps--margin-top-medium StyledProps--margin-bottom-large"
                    style="width: 100%;"
                  >
                    discovery.dataCollectionSettingsDesc
                  </p>
                  <div
                    class="StyledProps--font StyledProps--main boxContainer StyledProps--background-white StyledProps--padding-medium"
                  >
                    <label
                      class="bp3-control bp3-switch StyledProps--font Switch--switch StyledProps--main StyledProps--font-weight-semi-bold StyledProps--font-size-normal StyledProps--color StyledProps--color-grey900 StyledProps--margin-bottom-medium"
                    >
                      <input
                        name="detectNetworkTrace"
                        type="checkbox"
                      />
                      <span
                        class="bp3-control-indicator"
                      />
                      discovery.detectNetworkTrace
                    </label>
                    <div
                      class="bp3-form-group"
                      data-id="blacklistedNamespaces-3"
                    >
                      <label
                        class="bp3-label"
                        for="blacklistedNamespaces"
                      >
                        discovery.blacklistedNamespaces common.optionalLabel
                         
                        <span
                          class="bp3-text-muted"
                        />
                      </label>
                      <div
                        class="bp3-form-content"
                      >
                        <div
                          class="bp3-popover-wrapper TagInput--tagInput bp3-fill"
                        >
                          <div
                            class="bp3-popover-target"
                          >
                            <div
                              class=""
                            >
                              <div
                                class="bp3-input bp3-tag-input bp3-fill bp3-multi-select"
                              >
                                <div
                                  class="bp3-tag-input-values"
                                >
                                  <input
                                    class="bp3-input-ghost bp3-multi-select-tag-input-input"
                                    placeholder="Search..."
                                    value=""
                                  />
                                </div>
                              </div>
                            </div>
                          </div>
                        </div>
                      </div>
                    </div>
                    <div
                      class="schedule-panel"
                    >
                      Schedule Panel
                    </div>
                  </div>
                </div>
              </div>
            </div>
          </div>
        </div>
      </form>
    </div>
    <div
      class="details"
    >
      <div
        class="Layout--vertical StyledProps--main StyledProps--padding-top-xxlarge StyledProps--padding-left-xlarge StyledProps--padding-right-xlarge StyledProps--padding-bottom-xxlarge"
        style="width: 100%;"
      >
        <div
          class="Layout--horizontal StyledProps--main StyledProps--flex StyledProps--flex-justifyContent-space-between StyledProps--margin-bottom-large"
        >
          <p
            class="StyledProps--font StyledProps--main StyledProps--font-variation-h5 StyledProps--font-weight-semi-bold"
          >
            common.networkMap
          </p>
          <p
            class="StyledProps--font StyledProps--main StyledProps--font-variation-small-bold StyledProps--color StyledProps--color-primary7"
            style="display: flex; align-items: center;"
          >
            learnMore
            <span
              class="bp3-icon StyledProps--main Text--icon StyledProps--padding-left-xsmall StyledProps--color StyledProps--color-primary7"
              data-icon="main-share"
            >
              <svg
                height="10"
                viewBox="0 0 14 14"
                width="10"
                xmlns="http://www.w3.org/2000/svg"
              >
                <path
                  d="M10.5 12.6H1.4V3.5h6.1l1.4-1.4H.7c-.4 0-.7.3-.7.7v10.5c0 .4.3.7.7.7h10.5c.4 0 .7-.3.7-.7V5.1l-1.4 1.4zM13.3 0H8.4c-.4 0-.7.3-.7.7s.3.7.7.7h3.2L6.5 6.5c-.1.1-.2.3-.2.5 0 .4.3.7.7.7.2 0 .4-.1.5-.2l5.1-5.1v3.2c0 .4.3.7.7.7s.7-.3.7-.7V.7c0-.4-.3-.7-.7-.7z"
                  fill="#4d5969"
                />
              </svg>
            </span>
          </p>
        </div>
        <img
          alt="Network Map"
          class="image"
          src="test-file-stub"
        />
        <div
          class="StyledProps--font StyledProps--main StyledProps--margin-top-medium StyledProps--margin-bottom-xlarge"
        >
          <p
            class="StyledProps--font StyledProps--main StyledProps--font-variation-h6 StyledProps--font-weight-semi-bold StyledProps--color StyledProps--color-grey900 StyledProps--margin-bottom-xlarge"
          >
            discovery.whatIsNetworkMap
          </p>
          <p
            class="StyledProps--font StyledProps--main StyledProps--font-variation-body StyledProps--font-weight-light StyledProps--color StyledProps--color-grey600"
          >
            discovery.networkMapDescription
          </p>
        </div>
        <div
          class="StyledProps--font StyledProps--main StyledProps--margin-top-medium StyledProps--margin-bottom-xlarge"
        >
          <p
            class="StyledProps--font StyledProps--main StyledProps--font-variation-h6 StyledProps--font-weight-semi-bold StyledProps--color StyledProps--color-grey900 StyledProps--margin-bottom-xlarge"
          >
            discovery.howToCreateNetworkMap
          </p>
          <p
            class="StyledProps--font StyledProps--main StyledProps--font-variation-body StyledProps--font-weight-light StyledProps--color StyledProps--color-grey600"
          >
            discovery.howToCreateNetworkMapDesc
          </p>
        </div>
        <div
          class="StyledProps--font StyledProps--main StyledProps--margin-top-medium"
        >
          <p
            class="StyledProps--font StyledProps--main StyledProps--font-variation-h6 StyledProps--font-weight-semi-bold StyledProps--color StyledProps--color-grey900 StyledProps--margin-bottom-xlarge"
          >
            discovery.whatIsServiceDiscovery
          </p>
          <p
            class="StyledProps--font StyledProps--main StyledProps--font-variation-body StyledProps--font-weight-light StyledProps--color StyledProps--color-grey600"
          >
            discovery.whatIsServiceDiscoveryDesc
          </p>
        </div>
      </div>
    </div>
  </div>
</div>
`;
